C:\Users\PedroJoseSaezSanchez\IdeaProjects\ControlPedidos\src\main\java\com\pedrojosesaez\controlpedidos\SelectFileController.java
C:\Users\PedroJoseSaezSanchez\IdeaProjects\ControlPedidos\src\main\java\com\pedrojosesaez\controlpedidos\utils\ExcelUtilities.java
C:\Users\PedroJoseSaezSanchez\IdeaProjects\ControlPedidos\src\main\java\com\pedrojosesaez\controlpedidos\model\DatosExcel.java
C:\Users\PedroJoseSaezSanchez\IdeaProjects\ControlPedidos\src\main\java\com\pedrojosesaez\controlpedidos\model\ControlPedidosBean.java
C:\Users\PedroJoseSaezSanchez\IdeaProjects\ControlPedidos\src\main\java\module-info.java
C:\Users\PedroJoseSaezSanchez\IdeaProjects\ControlPedidos\src\main\java\com\pedrojosesaez\controlpedidos\model\ReservedBean.java
C:\Users\PedroJoseSaezSanchez\IdeaProjects\ControlPedidos\src\main\java\com\pedrojosesaez\controlpedidos\model\SubsidiaryBean.java
C:\Users\PedroJoseSaezSanchez\IdeaProjects\ControlPedidos\src\main\java\com\pedrojosesaez\controlpedidos\SelectFileApplication.java
